// Jest Snapshot v1, https://goo.gl/fbAQLP

exports[`BinaryTree (number) render toString correctly 1`] = `"A -> B -> C -> X -> Y -> Z -> 1 -> 2 -> 3"`;

exports[`BinaryTree (number) render toString correctly 2`] = `"A:1 -> B:2 -> C:3 -> X:5 -> Y:5 -> Z:5 -> 1:10 -> 2:10 -> 3:10"`;
